// Jest Snapshot v1, https://goo.gl/fbAQLP

exports[`Main should render heading 1`] = `
<div>
  <main
    class="sc-bczRLJ kIcxSX"
  >
    <h1
      class="sc-gsnTZi dUpkGV"
    >
      Boilerplate
    </h1>
    <h2
      class="sc-dkzDqf gOQRSK"
    >
      Typescript, Reactjs, Nextjs, Styled Components
    </h2>
    <img
      alt=""
      class="sc-hKMtZM bJYqql"
      src="/astro2.jpg"
    />
  </main>
</div>
`;
